------------------------------------------------------------
Timing Analyzer Summary
------------------------------------------------------------

Type  : Slow 1200mV 85C Model Setup 'clk'
Slack : -10.129
TNS   : -13534.212

Type  : Slow 1200mV 85C Model Setup 'seven_segment:ss1|clk1[15]'
Slack : 0.193
TNS   : 0.000

Type  : Slow 1200mV 85C Model Hold 'clk'
Slack : 0.356
TNS   : 0.000

Type  : Slow 1200mV 85C Model Hold 'seven_segment:ss1|clk1[15]'
Slack : 0.359
TNS   : 0.000

Type  : Slow 1200mV 85C Model Minimum Pulse Width 'clk'
Slack : -3.000
TNS   : -2219.000

Type  : Slow 1200mV 85C Model Minimum Pulse Width 'seven_segment:ss1|clk1[15]'
Slack : -1.000
TNS   : -6.000

Type  : Slow 1200mV 0C Model Setup 'clk'
Slack : -9.017
TNS   : -12114.200

Type  : Slow 1200mV 0C Model Setup 'seven_segment:ss1|clk1[15]'
Slack : 0.275
TNS   : 0.000

Type  : Slow 1200mV 0C Model Hold 'clk'
Slack : 0.312
TNS   : 0.000

Type  : Slow 1200mV 0C Model Hold 'seven_segment:ss1|clk1[15]'
Slack : 0.312
TNS   : 0.000

Type  : Slow 1200mV 0C Model Minimum Pulse Width 'clk'
Slack : -3.000
TNS   : -2219.000

Type  : Slow 1200mV 0C Model Minimum Pulse Width 'seven_segment:ss1|clk1[15]'
Slack : -1.000
TNS   : -6.000

Type  : Fast 1200mV 0C Model Setup 'clk'
Slack : -5.559
TNS   : -8030.651

Type  : Fast 1200mV 0C Model Setup 'seven_segment:ss1|clk1[15]'
Slack : 0.549
TNS   : 0.000

Type  : Fast 1200mV 0C Model Hold 'clk'
Slack : 0.185
TNS   : 0.000

Type  : Fast 1200mV 0C Model Hold 'seven_segment:ss1|clk1[15]'
Slack : 0.187
TNS   : 0.000

Type  : Fast 1200mV 0C Model Minimum Pulse Width 'clk'
Slack : -3.000
TNS   : -2376.847

Type  : Fast 1200mV 0C Model Minimum Pulse Width 'seven_segment:ss1|clk1[15]'
Slack : -1.000
TNS   : -6.000

------------------------------------------------------------
